root@tux53:~# ping 172.16.50.254
PING 172.16.50.254 (172.16.50.254) 56(84) bytes of data.
64 bytes from 172.16.50.254: icmp_seq=1 ttl=64 time=0.201 ms
64 bytes from 172.16.50.254: icmp_seq=2 ttl=64 time=0.177 ms
64 bytes from 172.16.50.254: icmp_seq=3 ttl=64 time=0.143 ms
64 bytes from 172.16.50.254: icmp_seq=4 ttl=64 time=0.163 ms
64 bytes from 172.16.50.254: icmp_seq=5 ttl=64 time=0.164 ms
64 bytes from 172.16.50.254: icmp_seq=6 ttl=64 time=0.143 ms
64 bytes from 172.16.50.254: icmp_seq=7 ttl=64 time=0.171 ms
64 bytes from 172.16.50.254: icmp_seq=8 ttl=64 time=0.143 ms
64 bytes from 172.16.50.254: icmp_seq=9 ttl=64 time=0.163 ms
64 bytes from 172.16.50.254: icmp_seq=10 ttl=64 time=0.161 ms
64 bytes from 172.16.50.254: icmp_seq=11 ttl=64 time=0.172 ms
64 bytes from 172.16.50.254: icmp_seq=12 ttl=64 time=0.146 ms
64 bytes from 172.16.50.254: icmp_seq=13 ttl=64 time=0.140 ms
64 bytes from 172.16.50.254: icmp_seq=14 ttl=64 time=0.173 ms
64 bytes from 172.16.50.254: icmp_seq=15 ttl=64 time=0.164 ms
64 bytes from 172.16.50.254: icmp_seq=16 ttl=64 time=0.182 ms
64 bytes from 172.16.50.254: icmp_seq=17 ttl=64 time=0.177 ms
^C
--- 172.16.50.254 ping statistics ---
17 packets transmitted, 17 received, 0% packet loss, time 403ms
rtt min/avg/max/mdev = 0.140/0.163/0.201/0.022 ms

/***********************************************************************/

root@tux53:~# route -n
Kernel IP routing table
Destination     Gateway         Genmask         Flags Metric Ref    Use Iface
10.9.0.0        0.0.0.0         255.255.255.0   U     0      0        0 br-a5057000890b
172.16.50.0     0.0.0.0         255.255.255.0   U     0      0        0 eth0
172.17.0.0      0.0.0.0         255.255.0.0     U     0      0        0 docker0

/***********************************************************************/

root@tux53:~# arp -a
? (172.16.50.254) at 00:21:5a:c3:78:70 [ether] on eth0

/***********************************************************************/

root@tux53:~# arp -a
? (172.16.50.254) at 00:21:5a:c3:78:70 [ether] on eth0
root@tux53:~# arp -d 172.16.50.245
No ARP entry for 172.16.50.245
root@tux53:~# arp -d <172.16.50.245>
bash: syntax error near unexpected token `newline'
root@tux53:~# arp -d 172.16.50.1
No ARP entry for 172.16.50.1
root@tux53:~# arp -d 172.16.50.254
root@tux53:~# arp -a







